make: *** No rule to make target 'half_channel_Retau'.  Stop.
